// Jest Snapshot v1, https://goo.gl/fbAQLP

exports[`Component JustForGitHooks should be render without crash 1`] = `
<div
  className=""
>
  hello
</div>
`;
