// Jest Snapshot v1, https://goo.gl/fbAQLP

exports[`Component Container should be render without crash 1`] = `
<div
  style={
    Object {
      "margin": "3rem auto",
      "maxWidth": 600,
    }
  }
>
  zetfrqjzegfwhxfkjwshfgkjsdhfgqk jsdhfg qsjkdfhg q
  Hello
</div>
`;
