// Jest Snapshot v1, https://goo.gl/fbAQLP

exports[`Component GridViewer should be render without crash 1`] = `
<React.Fragment>
  <ShowGrid />
  <styled.div />
</React.Fragment>
`;
