// Jest Snapshot v1, https://goo.gl/fbAQLP

exports[`Component PostItem should be render without crash 1`] = `
<Router
  history={
    Object {
      "action": "POP",
      "block": [Function],
      "canGo": [Function],
      "createHref": [Function],
      "entries": Array [
        Object {
          "hash": "",
          "key": "testKey",
          "pathname": "/",
          "search": "",
        },
      ],
      "go": [Function],
      "goBack": [Function],
      "goForward": [Function],
      "index": 0,
      "length": 1,
      "listen": [Function],
      "location": Object {
        "hash": "",
        "key": "testKey",
        "pathname": "/",
        "search": "",
      },
      "push": [Function],
      "replace": [Function],
    }
  }
>
  <PostItem
    post={
      Object {
        "fields": Object {
          "slug": "cest-un-hash-d-url",
        },
        "frontmatter": Object {
          "date": "2018-05-03",
          "title": "câ€™est un super titre",
        },
      }
    }
  />
</Router>
`;
