// Jest Snapshot v1, https://goo.gl/fbAQLP

exports[`Component EditorialContent should be render without crash 1`] = `
<styled.section
  className="editorial-content"
>
  <styled.div>
    <styled.div
      gutter={true}
    >
      <styled.div
        push={0.08333333333333333}
        size={0.5833333333333334}
      >
        <styled.div>
          <div
            key="h-1"
          >
            
            
            <div
              key="h-2"
            >
              <styled.h2
                key="h-3"
              >
                Hello je suis un composant react
              </styled.h2>
              
              
              <styled.h3
                key="h-4"
              >
                Hello je suis un composant react
              </styled.h3>
            </div>
            
            
            <p
              key="h-5"
            >
              Do Pandas eat bananas? Check out this short video that shows that yes! pandas do seem to really enjoy bananas!
            </p>
            
            
            <div
              className="gatsby-highlight"
              key="h-6"
            >
              
                    
              <pre
                className="language-css"
                key="h-7"
              >
                <code
                  className="language-css"
                  key="h-8"
                >
                  <span
                    className="token selector"
                    key="h-9"
                  >
                    .maclasse :
                  </span>
                   
                  <span
                    className="token punctuation"
                    key="h-10"
                  >
                    {
                  </span>
                  
                    
                  <span
                    className="token property"
                    key="h-11"
                  >
                    color
                  </span>
                  <span
                    className="token punctuation"
                    key="h-12"
                  >
                    :
                  </span>
                   blue
                  <span
                    className="token punctuation"
                    key="h-13"
                  >
                    ;
                  </span>
                  
                  
                  <span
                    className="token punctuation"
                    key="h-14"
                  >
                    }
                  </span>
                </code>
              </pre>
              
                    
            </div>
            
            
            <div
              className="gatsby-highlight"
              key="h-15"
            >
              
                    
              <pre
                className="language-javascript"
                key="h-16"
              >
                <code
                  className="language-javascript"
                  key="h-17"
                >
                  <span
                    className="token keyword"
                    key="h-18"
                  >
                    export
                  </span>
                   
                  <span
                    className="token keyword"
                    key="h-19"
                  >
                    const
                  </span>
                   
                  <span
                    className="token function-variable function"
                    key="h-20"
                  >
                    closestLineHeight
                  </span>
                   
                  <span
                    className="token operator"
                    key="h-21"
                  >
                    =
                  </span>
                   
                  <span
                    className="token punctuation"
                    key="h-22"
                  >
                    (
                  </span>
                  fontSize
                  <span
                    className="token punctuation"
                    key="h-23"
                  >
                    ,
                  </span>
                   lineHeightRatio
                  <span
                    className="token punctuation"
                    key="h-24"
                  >
                    ,
                  </span>
                   unit
                  <span
                    className="token punctuation"
                    key="h-25"
                  >
                    )
                  </span>
                   
                  <span
                    className="token operator"
                    key="h-26"
                  >
                    =&gt;
                  </span>
                  
                    
                  <span
                    className="token function"
                    key="h-27"
                  >
                    closestMultiple
                  </span>
                  <span
                    className="token punctuation"
                    key="h-28"
                  >
                    (
                  </span>
                  fontSize 
                  <span
                    className="token operator"
                    key="h-29"
                  >
                    *
                  </span>
                   lineHeightRatio
                  <span
                    className="token punctuation"
                    key="h-30"
                  >
                    ,
                  </span>
                   unit
                  <span
                    className="token punctuation"
                    key="h-31"
                  >
                    )
                  </span>
                   
                  <span
                    className="token operator"
                    key="h-32"
                  >
                    /
                  </span>
                   fontSize
                  <span
                    className="token punctuation"
                    key="h-33"
                  >
                    ;
                  </span>
                </code>
              </pre>
              
                    
            </div>
            
            
            <ul
              key="h-34"
            >
              
              
              <li
                key="h-35"
              >
                list item 1
              </li>
              
              
              <li
                key="h-36"
              >
                list item 2
              </li>
              
              
              <li
                key="h-37"
              >
                list item 3
              </li>
              
              
            </ul>
            
            
            <p
              key="h-38"
            >
              Emphasis, aka italics, with 
              <em
                key="h-39"
              >
                asterisks
              </em>
               or 
              <em
                key="h-40"
              >
                underscores
              </em>
              .
            </p>
            
            
            <p
              key="h-41"
            >
              Strong emphasis, aka bold, with 
              <strong
                key="h-42"
              >
                asterisks
              </strong>
               or 
              <strong
                key="h-43"
              >
                underscores
              </strong>
              .
            </p>
            
            
            <p
              key="h-44"
            >
              Combined emphasis with 
              <strong
                key="h-45"
              >
                asterisks and 
                <em
                  key="h-46"
                >
                  underscores
                </em>
              </strong>
              .
            </p>
            
            
            <p
              key="h-47"
            >
              Strikethrough uses two tildes. 
              <del
                key="h-48"
              >
                Scratch this.
              </del>
            </p>
            
            
            <ol
              key="h-49"
            >
              
              
              <li
                key="h-50"
              >
                First ordered list item
              </li>
              
              
              <li
                key="h-51"
              >
                Another item
                ⋅⋅* Unordered sub-list.
              </li>
              
              
              <li
                key="h-52"
              >
                Actual numbers don't matter, just that it's a number
                ⋅⋅1. Ordered sub-list
              </li>
              
              
              <li
                key="h-53"
              >
                And another item.
              </li>
              
              
            </ol>
            
            
            <p
              key="h-54"
            >
              ⋅⋅⋅You can have properly indented paragraphs within list items. Notice the blank line above, and the leading spaces (at least one, but we'll use three here to also align the raw Markdown).
            </p>
            
            
            <p
              key="h-55"
            >
              ⋅⋅⋅To have a line break without a paragraph, you will need to use two trailing spaces.⋅⋅
              ⋅⋅⋅Note that this line is separate, but within the same paragraph.⋅⋅
              ⋅⋅⋅(This is contrary to the typical GFM line break behaviour, where trailing spaces are not required.)
            </p>
            
            
            <ul
              key="h-56"
            >
              
              
              <li
                key="h-57"
              >
                
                
                <p
                  key="h-58"
                >
                  Unordered list can use asterisks
                </p>
                
                
              </li>
              
              
              <li
                key="h-59"
              >
                
                
                <p
                  key="h-60"
                >
                  Or minuses
                </p>
                
                
              </li>
              
              
              <li
                key="h-61"
              >
                
                
                <p
                  key="h-62"
                >
                  Or pluses
                </p>
                
                
              </li>
              
              
            </ul>
            
            
            <p
              key="h-63"
            >
              <a
                href="https://www.google.com"
                key="h-64"
              >
                I'm an inline-style link
              </a>
            </p>
            
            
            <p
              key="h-65"
            >
              <a
                href="https://www.google.com"
                key="h-66"
                title="Google's Homepage"
              >
                I'm an inline-style link with title
              </a>
            </p>
            
            
            <p
              key="h-67"
            >
              <a
                href="https://www.mozilla.org"
                key="h-68"
              >
                I'm a reference-style link
              </a>
            </p>
            
            
            <p
              key="h-69"
            >
              <a
                href="../blob/master/LICENSE"
                key="h-70"
              >
                I'm a relative reference to a repository file
              </a>
            </p>
            
            
            <p
              key="h-71"
            >
              <a
                href="http://slashdot.org"
                key="h-72"
              >
                You can use numbers for reference-style link definitions
              </a>
            </p>
            
            
            <p
              key="h-73"
            >
              Or leave it empty and use the 
              <a
                href="http://www.reddit.com"
                key="h-74"
              >
                link text itself
              </a>
              .
            </p>
            
            
            <p
              key="h-75"
            >
              URLs and URLs in angle brackets will automatically get turned into links.
              
              <a
                href="http://www.example.com"
                key="h-76"
              >
                http://www.example.com
              </a>
               or 
              <a
                href="http://www.example.com"
                key="h-77"
              >
                http://www.example.com
              </a>
               and sometimes
              example.com (but not on Github, for example).
            </p>
            
            
            <p
              key="h-78"
            >
              Some text to show that the reference links can follow later.
            </p>
          </div>
        </styled.div>
      </styled.div>
    </styled.div>
  </styled.div>
</styled.section>
`;
