// Jest Snapshot v1, https://goo.gl/fbAQLP

exports[`Component Container should be render without crash 1`] = `
.c0 {
  width: 100%;
  max-width: 129.6rem;
  margin: 0 auto;
  padding: 0 2.4rem;
}

<div
  className="c0"
/>
`;
